src/components/AboutSection.tsx(2,28): error TS2307: Cannot find module '@/assets/barber-portrait.jpg' or its corresponding type declarations.
src/components/HeroSection.tsx(2,23): error TS2307: Cannot find module '@/assets/hero-barber.jpg' or its corresponding type declarations.
src/components/PortfolioSection.tsx(4,24): error TS2307: Cannot find module '@/assets/portfolio-1.jpg' or its corresponding type declarations.
src/components/PortfolioSection.tsx(5,24): error TS2307: Cannot find module '@/assets/portfolio-2.jpg' or its corresponding type declarations.
src/components/PortfolioSection.tsx(6,24): error TS2307: Cannot find module '@/assets/portfolio-3.jpg' or its corresponding type declarations.
src/components/PortfolioSection.tsx(7,24): error TS2307: Cannot find module '@/assets/portfolio-4.jpg' or its corresponding type declarations.
src/components/ui/input-otp.tsx(2,43): error TS2307: Cannot find module 'input-otp' or its corresponding type declarations.
src/components/ui/input-otp.tsx(29,62): error TS2339: Property 'slots' does not exist on type 'unknown'.
